// Jest Snapshot v1, https://goo.gl/fbAQLP

exports[`<AnnouncementAlert /> should render correctly 1`] = `
<div>
  <div
    class="css-ql39e"
  >
    <div
      class="css-slcqjs"
      data-paste-element="BOX"
      data-testid="test_alert"
      id="test_alert"
    >
      <div
        class="css-7efx7i"
        data-paste-element="ALERT"
        data-testid="test_alert"
        role="alert"
      >
        <div
          class="css-1sekzvp"
          data-paste-element="MEDIA_OBJECT"
          display="flex"
        >
          <div
            class="css-1llkq7k"
            data-paste-element="MEDIA_FIGURE"
            display="flex"
          >
            <span
              class="css-q4ysse"
              color="colorTextIconWarning"
              data-paste-element="ALERT_ICON"
              display="block"
            >
              <svg
                aria-hidden="false"
                fill="none"
                height="100%"
                role="img"
                viewBox="0 0 20 20"
                width="100%"
              >
                <title>
                  warning: 
                </title>
                <path
                  clip-rule="evenodd"
                  d="M17.798 14.791L11.316 3.744c-.582-.992-2.05-.992-2.632 0L2.202 14.79C1.625 15.776 2.354 17 3.518 17h12.964c1.164 0 1.893-1.224 1.316-2.209zM9.99 8h.02c.611.007 1.073.592.978 1.244l-.428 2.238c-.04.296-.278.518-.557.518h-.006c-.279 0-.516-.222-.557-.518l-.428-2.238C8.917 8.592 9.386 8 9.99 8zm.01 7a1 1 0 100-2 1 1 0 000 2z"
                  fill="currentColor"
                  fill-rule="evenodd"
                />
              </svg>
            </span>
          </div>
          <div
            class="css-1i39mnm"
            data-paste-element="MEDIA_BODY"
          >
            <div>
              <a
                class="css-lhd4qj"
                color="colorTextLink"
                data-paste-element="ANCHOR"
                font-size="inherit"
                font-weight="inherit"
                href="https://test.url"
                id="test_alert"
                rel="noreferrer noopener"
                target="_self"
                text-decoration="underline"
              >
                link
              </a>
              <span
                id="test_alert"
              >
                &lt;em&gt;
              </span>
              <span
                class="css-1n4qplb"
                color="colorText"
                data-paste-element="TEXT"
                font-size="fontSize30"
                id="test_alert"
              >
                test
              </span>
              <span
                id="test_alert"
              >
                &lt;/em&gt;
              </span>
              <span
                class="css-1n4qplb"
                color="colorText"
                data-paste-element="TEXT"
                font-size="fontSize30"
                id="test_alert"
              >
                some random text
              </span>
            </div>
          </div>
          <span
            class="css-17yrt8g"
            data-paste-element="MEDIA_FIGURE"
            display="flex"
          >
            <button
              aria-busy="false"
              class="css-140t9ab"
              color="colorTextIcon"
              cursor="pointer"
              data-paste-element="ALERT_DISMISS_BUTTON"
              display="inline-block"
              font-family="fontFamilyText"
              font-weight="fontWeightSemibold"
              text-decoration="none"
              type="button"
              width="auto"
            >
              <span
                aria-hidden="false"
                class="css-cfzbzn"
                data-paste-element="BOX"
                display="flex"
                opacity="1"
                text-decoration="inherit"
              >
                <span
                  class="css-1kzjb37"
                  color="colorTextIcon"
                  data-paste-element="ALERT_DISMISS_ICON"
                  display="block"
                >
                  <svg
                    aria-hidden="false"
                    height="100%"
                    role="img"
                    viewBox="0 0 20 20"
                    width="100%"
                  >
                    <title>
                      Dismiss alert
                    </title>
                    <path
                      d="M15.16 13.514L11.645 10l3.515-3.514a1.165 1.165 0 00-1.646-1.646L10 8.355 6.486 4.84A1.165 1.165 0 004.84 6.486L8.355 10 4.84 13.514a1.165 1.165 0 001.646 1.646L10 11.645l3.514 3.515a1.165 1.165 0 001.646-1.646z"
                      fill="currentColor"
                      fill-rule="evenodd"
                    />
                  </svg>
                </span>
              </span>
            </button>
          </span>
        </div>
      </div>
    </div>
  </div>
</div>
`;
